Archive member included to satisfy reference by file (symbol)

c:/ac6/systemworkbench/plugins/fr.ac6.mcu.externaltools.arm-none.win32_1.15.0.201708311556/tools/compiler/bin/../lib/gcc/arm-none-eabi/6.3.1/thumb/v7e-m/fpv4-sp/hard\libgcc.a(_aeabi_uldivmod.o)
                              Drivers/STM32F4xx_HAL_Driver/Src/stm32f4xx_hal_rcc.o (__aeabi_uldivmod)
c:/ac6/systemworkbench/plugins/fr.ac6.mcu.externaltools.arm-none.win32_1.15.0.201708311556/tools/compiler/bin/../lib/gcc/arm-none-eabi/6.3.1/thumb/v7e-m/fpv4-sp/hard\libgcc.a(_udivmoddi4.o)
                              c:/ac6/systemworkbench/plugins/fr.ac6.mcu.externaltools.arm-none.win32_1.15.0.201708311556/tools/compiler/bin/../lib/gcc/arm-none-eabi/6.3.1/thumb/v7e-m/fpv4-sp/hard\libgcc.a(_aeabi_uldivmod.o) (__udivmoddi4)
c:/ac6/systemworkbench/plugins/fr.ac6.mcu.externaltools.arm-none.win32_1.15.0.201708311556/tools/compiler/bin/../lib/gcc/arm-none-eabi/6.3.1/thumb/v7e-m/fpv4-sp/hard\libgcc.a(_dvmd_tls.o)
                              c:/ac6/systemworkbench/plugins/fr.ac6.mcu.externaltools.arm-none.win32_1.15.0.201708311556/tools/compiler/bin/../lib/gcc/arm-none-eabi/6.3.1/thumb/v7e-m/fpv4-sp/hard\libgcc.a(_aeabi_uldivmod.o) (__aeabi_ldiv0)
c:/ac6/systemworkbench/plugins/fr.ac6.mcu.externaltools.arm-none.win32_1.15.0.201708311556/tools/compiler/bin/../lib/gcc/arm-none-eabi/6.3.1/../../../../arm-none-eabi/lib/thumb/v7e-m/fpv4-sp/hard\libc_nano.a(lib_a-exit.o)
                              c:/ac6/systemworkbench/plugins/fr.ac6.mcu.externaltools.arm-none.win32_1.15.0.201708311556/tools/compiler/bin/../lib/gcc/arm-none-eabi/6.3.1/../../../../arm-none-eabi/lib/thumb/v7e-m/fpv4-sp/hard/crt0.o (exit)
c:/ac6/systemworkbench/plugins/fr.ac6.mcu.externaltools.arm-none.win32_1.15.0.201708311556/tools/compiler/bin/../lib/gcc/arm-none-eabi/6.3.1/../../../../arm-none-eabi/lib/thumb/v7e-m/fpv4-sp/hard\libc_nano.a(lib_a-impure.o)
                              c:/ac6/systemworkbench/plugins/fr.ac6.mcu.externaltools.arm-none.win32_1.15.0.201708311556/tools/compiler/bin/../lib/gcc/arm-none-eabi/6.3.1/../../../../arm-none-eabi/lib/thumb/v7e-m/fpv4-sp/hard\libc_nano.a(lib_a-exit.o) (_global_impure_ptr)
c:/ac6/systemworkbench/plugins/fr.ac6.mcu.externaltools.arm-none.win32_1.15.0.201708311556/tools/compiler/bin/../lib/gcc/arm-none-eabi/6.3.1/../../../../arm-none-eabi/lib/thumb/v7e-m/fpv4-sp/hard\libc_nano.a(lib_a-init.o)
                              c:/ac6/systemworkbench/plugins/fr.ac6.mcu.externaltools.arm-none.win32_1.15.0.201708311556/tools/compiler/bin/../lib/gcc/arm-none-eabi/6.3.1/../../../../arm-none-eabi/lib/thumb/v7e-m/fpv4-sp/hard/crt0.o (__libc_init_array)
c:/ac6/systemworkbench/plugins/fr.ac6.mcu.externaltools.arm-none.win32_1.15.0.201708311556/tools/compiler/bin/../lib/gcc/arm-none-eabi/6.3.1/../../../../arm-none-eabi/lib/thumb/v7e-m/fpv4-sp/hard\libc_nano.a(lib_a-memset.o)
                              c:/ac6/systemworkbench/plugins/fr.ac6.mcu.externaltools.arm-none.win32_1.15.0.201708311556/tools/compiler/bin/../lib/gcc/arm-none-eabi/6.3.1/../../../../arm-none-eabi/lib/thumb/v7e-m/fpv4-sp/hard/crt0.o (memset)
c:/ac6/systemworkbench/plugins/fr.ac6.mcu.externaltools.arm-none.win32_1.15.0.201708311556/tools/compiler/bin/../lib/gcc/arm-none-eabi/6.3.1/../../../../arm-none-eabi/lib/thumb/v7e-m/fpv4-sp/hard\libnosys.a(_exit.o)
                              c:/ac6/systemworkbench/plugins/fr.ac6.mcu.externaltools.arm-none.win32_1.15.0.201708311556/tools/compiler/bin/../lib/gcc/arm-none-eabi/6.3.1/../../../../arm-none-eabi/lib/thumb/v7e-m/fpv4-sp/hard\libc_nano.a(lib_a-exit.o) (_exit)

Allocating common symbols
Common symbol       size              file

USERPath            0x4               Src/fatfs.o
dac_flags           0x4               Src/dac_player.o
hspi2               0x58              Src/spi.o
htim8               0x3c              Src/tim.o
htim4               0x3c              Src/tim.o
buffer2ch1          0x800             Src/dac_player.o
uwTick              0x4               Drivers/STM32F4xx_HAL_Driver/Src/stm32f4xx_hal.o
buffer1ch1          0x800             Src/dac_player.o
pFlash              0x20              Drivers/STM32F4xx_HAL_Driver/Src/stm32f4xx_hal_flash.o
htim5               0x3c              Src/tim.o
htim3               0x3c              Src/tim.o
hdma_dac_ch1        0x60              Src/main.o
hspi3               0x58              Src/spi.o
hdma_dac1           0x60              Src/dac.o
hdac                0x14              Src/dac.o
buffer2ch2          0x800             Src/dac_player.o
retUSER             0x1               Src/fatfs.o
buffer1ch2          0x800             Src/dac_player.o
htim6               0x3c              Src/main.o
htim9               0x3c              Src/tim.o
hdma_dac2           0x60              Src/dac.o
htim12              0x3c              Src/tim.o
htim7               0x3c              Src/tim.o
USERFile            0x230             Src/fatfs.o
USERFatFS           0x230             Src/fatfs.o

[...]
Memory Configuration

Name             Origin             Length             Attributes
RAM              0x20000000         0x00030000         xrw
CCMRAM           0x10000000         0x00010000         rw
FLASH            0x08000000         0x00200000         xr
*default*        0x00000000         0xffffffff

Linker script and memory map

LOAD c:/ac6/systemworkbench/plugins/fr.ac6.mcu.externaltools.arm-none.win32_1.15.0.201708311556/tools/compiler/bin/../lib/gcc/arm-none-eabi/6.3.1/thumb/v7e-m/fpv4-sp/hard/crti.o
LOAD c:/ac6/systemworkbench/plugins/fr.ac6.mcu.externaltools.arm-none.win32_1.15.0.201708311556/tools/compiler/bin/../lib/gcc/arm-none-eabi/6.3.1/thumb/v7e-m/fpv4-sp/hard/crtbegin.o
LOAD c:/ac6/systemworkbench/plugins/fr.ac6.mcu.externaltools.arm-none.win32_1.15.0.201708311556/tools/compiler/bin/../lib/gcc/arm-none-eabi/6.3.1/../../../../arm-none-eabi/lib/thumb/v7e-m/fpv4-sp/hard/crt0.o
LOAD Drivers/STM32F4xx_HAL_Driver/Src/stm32f4xx_hal.o
LOAD Drivers/STM32F4xx_HAL_Driver/Src/stm32f4xx_hal_cortex.o
LOAD Drivers/STM32F4xx_HAL_Driver/Src/stm32f4xx_hal_dac.o
LOAD Drivers/STM32F4xx_HAL_Driver/Src/stm32f4xx_hal_dac_ex.o
LOAD Drivers/STM32F4xx_HAL_Driver/Src/stm32f4xx_hal_dma.o
LOAD Drivers/STM32F4xx_HAL_Driver/Src/stm32f4xx_hal_dma_ex.o
LOAD Drivers/STM32F4xx_HAL_Driver/Src/stm32f4xx_hal_flash.o
LOAD Drivers/STM32F4xx_HAL_Driver/Src/stm32f4xx_hal_flash_ex.o
LOAD Drivers/STM32F4xx_HAL_Driver/Src/stm32f4xx_hal_flash_ramfunc.o
LOAD Drivers/STM32F4xx_HAL_Driver/Src/stm32f4xx_hal_gpio.o
LOAD Drivers/STM32F4xx_HAL_Driver/Src/stm32f4xx_hal_pwr.o
LOAD Drivers/STM32F4xx_HAL_Driver/Src/stm32f4xx_hal_pwr_ex.o
LOAD Drivers/STM32F4xx_HAL_Driver/Src/stm32f4xx_hal_rcc.o
LOAD Drivers/STM32F4xx_HAL_Driver/Src/stm32f4xx_hal_rcc_ex.o
LOAD Drivers/STM32F4xx_HAL_Driver/Src/stm32f4xx_hal_spi.o
LOAD Drivers/STM32F4xx_HAL_Driver/Src/stm32f4xx_hal_tim.o
LOAD Drivers/STM32F4xx_HAL_Driver/Src/stm32f4xx_hal_tim_ex.o
LOAD Middlewares/Third_Party/FatFs/src/diskio.o
LOAD Middlewares/Third_Party/FatFs/src/ff.o
LOAD Middlewares/Third_Party/FatFs/src/ff_gen_drv.o
LOAD Middlewares/Third_Party/FatFs/src/option/syscall.o
LOAD Src/dac.o
LOAD Src/dac_player.o
LOAD Src/dma.o
LOAD Src/fatfs.o
LOAD Src/gpio.o
LOAD Src/hal_hack.o
LOAD Src/main.o
LOAD Src/spi.o
LOAD Src/stm32f4xx_hal_msp.o
LOAD Src/stm32f4xx_it.o
LOAD Src/system_stm32f4xx.o
LOAD Src/tim.o
LOAD Src/user_diskio.o
LOAD startup/startup_stm32f429xx.o
LOAD c:/ac6/systemworkbench/plugins/fr.ac6.mcu.externaltools.arm-none.win32_1.15.0.201708311556/tools/compiler/bin/../lib/gcc/arm-none-eabi/6.3.1/../../../../arm-none-eabi/lib/thumb/v7e-m/fpv4-sp/hard\libm.a
START GROUP
LOAD c:/ac6/systemworkbench/plugins/fr.ac6.mcu.externaltools.arm-none.win32_1.15.0.201708311556/tools/compiler/bin/../lib/gcc/arm-none-eabi/6.3.1/thumb/v7e-m/fpv4-sp/hard\libgcc.a
LOAD c:/ac6/systemworkbench/plugins/fr.ac6.mcu.externaltools.arm-none.win32_1.15.0.201708311556/tools/compiler/bin/../lib/gcc/arm-none-eabi/6.3.1/../../../../arm-none-eabi/lib/thumb/v7e-m/fpv4-sp/hard\libc_nano.a
END GROUP
START GROUP
LOAD c:/ac6/systemworkbench/plugins/fr.ac6.mcu.externaltools.arm-none.win32_1.15.0.201708311556/tools/compiler/bin/../lib/gcc/arm-none-eabi/6.3.1/thumb/v7e-m/fpv4-sp/hard\libgcc.a
LOAD c:/ac6/systemworkbench/plugins/fr.ac6.mcu.externaltools.arm-none.win32_1.15.0.201708311556/tools/compiler/bin/../lib/gcc/arm-none-eabi/6.3.1/../../../../arm-none-eabi/lib/thumb/v7e-m/fpv4-sp/hard\libc_nano.a
LOAD c:/ac6/systemworkbench/plugins/fr.ac6.mcu.externaltools.arm-none.win32_1.15.0.201708311556/tools/compiler/bin/../lib/gcc/arm-none-eabi/6.3.1/../../../../arm-none-eabi/lib/thumb/v7e-m/fpv4-sp/hard\libnosys.a
END GROUP
START GROUP
LOAD c:/ac6/systemworkbench/plugins/fr.ac6.mcu.externaltools.arm-none.win32_1.15.0.201708311556/tools/compiler/bin/../lib/gcc/arm-none-eabi/6.3.1/thumb/v7e-m/fpv4-sp/hard\libgcc.a
LOAD c:/ac6/systemworkbench/plugins/fr.ac6.mcu.externaltools.arm-none.win32_1.15.0.201708311556/tools/compiler/bin/../lib/gcc/arm-none-eabi/6.3.1/../../../../arm-none-eabi/lib/thumb/v7e-m/fpv4-sp/hard\libc_nano.a
LOAD c:/ac6/systemworkbench/plugins/fr.ac6.mcu.externaltools.arm-none.win32_1.15.0.201708311556/tools/compiler/bin/../lib/gcc/arm-none-eabi/6.3.1/../../../../arm-none-eabi/lib/thumb/v7e-m/fpv4-sp/hard\libnosys.a
END GROUP
LOAD c:/ac6/systemworkbench/plugins/fr.ac6.mcu.externaltools.arm-none.win32_1.15.0.201708311556/tools/compiler/bin/../lib/gcc/arm-none-eabi/6.3.1/thumb/v7e-m/fpv4-sp/hard/crtend.o
LOAD c:/ac6/systemworkbench/plugins/fr.ac6.mcu.externaltools.arm-none.win32_1.15.0.201708311556/tools/compiler/bin/../lib/gcc/arm-none-eabi/6.3.1/thumb/v7e-m/fpv4-sp/hard/crtn.o
                0x20030000                _estack = 0x20030000
                0x00002000                _Min_Heap_Size = 0x2000
                0x00004000                _Min_Stack_Size = 0x4000

.isr_vector     0x08000000      0x1ac
                0x08000000                . = ALIGN (0x4)
 *(.isr_vector)
 .isr_vector    0x08000000      0x1ac startup/startup_stm32f429xx.o
                0x08000000                g_pfnVectors
                0x080001ac                . = ALIGN (0x4)

.text           0x080001ac     0x366c
                0x080001ac                . = ALIGN (0x4)
 *(.text)
 .text          0x080001ac       0x6c c:/ac6/systemworkbench/plugins/fr.ac6.mcu.externaltools.arm-none.win32_1.15.0.201708311556/tools/compiler/bin/../lib/gcc/arm-none-eabi/6.3.1/thumb/v7e-m/fpv4-sp/hard/crtbegin.o
 .text          0x08000218       0x30 c:/ac6/systemworkbench/plugins/fr.ac6.mcu.externaltools.arm-none.win32_1.15.0.201708311556/tools/compiler/bin/../lib/gcc/arm-none-eabi/6.3.1/thumb/v7e-m/fpv4-sp/hard\libgcc.a(_aeabi_uldivmod.o)
                0x08000218                __aeabi_uldivmod
 .text          0x08000248      0x2dc c:/ac6/systemworkbench/plugins/fr.ac6.mcu.externaltools.arm-none.win32_1.15.0.201708311556/tools/compiler/bin/../lib/gcc/arm-none-eabi/6.3.1/thumb/v7e-m/fpv4-sp/hard\libgcc.a(_udivmoddi4.o)
                0x08000248                __udivmoddi4
 .text          0x08000524        0x4 c:/ac6/systemworkbench/plugins/fr.ac6.mcu.externaltools.arm-none.win32_1.15.0.201708311556/tools/compiler/bin/../lib/gcc/arm-none-eabi/6.3.1/thumb/v7e-m/fpv4-sp/hard\libgcc.a(_dvmd_tls.o)
                0x08000524                __aeabi_idiv0
                0x08000524                __aeabi_ldiv0
 *(.text*)
 .text.HAL_InitTick
                0x08000528       0x48 Drivers/STM32F4xx_HAL_Driver/Src/stm32f4xx_hal.o
                0x08000528                HAL_InitTick
 .text.HAL_Init
                0x08000570       0x34 Drivers/STM32F4xx_HAL_Driver/Src/stm32f4xx_hal.o
                0x08000570                HAL_Init
 .text.HAL_IncTick
                0x080005a4       0x18 Drivers/STM32F4xx_HAL_Driver/Src/stm32f4xx_hal.o
                0x080005a4                HAL_IncTick
 .text.HAL_GetTick
                0x080005bc        0xc Drivers/STM32F4xx_HAL_Driver/Src/stm32f4xx_hal.o
                0x080005bc                HAL_GetTick
 .text.HAL_NVIC_SetPriorityGrouping
                0x080005c8       0x24 Drivers/STM32F4xx_HAL_Driver/Src/stm32f4xx_hal_cortex.o
                0x080005c8                HAL_NVIC_SetPriorityGrouping
 .text.HAL_NVIC_SetPriority
                0x080005ec       0x64 Drivers/STM32F4xx_HAL_Driver/Src/stm32f4xx_hal_cortex.o
                0x080005ec                HAL_NVIC_SetPriority
 .text.HAL_NVIC_EnableIRQ
                0x08000650       0x18 Drivers/STM32F4xx_HAL_Driver/Src/stm32f4xx_hal_cortex.o
                0x08000650                HAL_NVIC_EnableIRQ
 .text.HAL_SYSTICK_Config
                0x08000668       0x2c Drivers/STM32F4xx_HAL_Driver/Src/stm32f4xx_hal_cortex.o
                0x08000668                HAL_SYSTICK_Config
 .text.HAL_SYSTICK_CLKSourceConfig
                0x08000694       0x20 Drivers/STM32F4xx_HAL_Driver/Src/stm32f4xx_hal_cortex.o
                0x08000694                HAL_SYSTICK_CLKSourceConfig
 .text.HAL_SYSTICK_Callback
                0x080006b4        0x2 Drivers/STM32F4xx_HAL_Driver/Src/stm32f4xx_hal_cortex.o
                0x080006b4                HAL_SYSTICK_Callback
 .text.HAL_SYSTICK_IRQHandler
                0x080006b6        0x8 Drivers/STM32F4xx_HAL_Driver/Src/stm32f4xx_hal_cortex.o
                0x080006b6                HAL_SYSTICK_IRQHandler
 .text.HAL_DAC_Init
                0x080006be       0x24 Drivers/STM32F4xx_HAL_Driver/Src/stm32f4xx_hal_dac.o
                0x080006be                HAL_DAC_Init
 .text.HAL_DAC_DMAUnderrunCallbackCh1
                0x080006e2        0x2 Drivers/STM32F4xx_HAL_Driver/Src/stm32f4xx_hal_dac.o
                0x080006e2                HAL_DAC_DMAUnderrunCallbackCh1
 .text.HAL_DAC_IRQHandler
                0x080006e4       0x60 Drivers/STM32F4xx_HAL_Driver/Src/stm32f4xx_hal_dac.o
                0x080006e4                HAL_DAC_IRQHandler
 .text.HAL_DAC_ConfigChannel
                0x08000744       0x4a Drivers/STM32F4xx_HAL_Driver/Src/stm32f4xx_hal_dac.o
                0x08000744                HAL_DAC_ConfigChannel
 .text.HAL_DACEx_DMAUnderrunCallbackCh2
                0x0800078e        0x2 Drivers/STM32F4xx_HAL_Driver/Src/stm32f4xx_hal_dac_ex.o
                0x0800078e                HAL_DACEx_DMAUnderrunCallbackCh2
 .text.DMA_CalcBaseAndBitshift
                0x08000790       0x3c Drivers/STM32F4xx_HAL_Driver/Src/stm32f4xx_hal_dma.o
 .text.DMA_CheckFifoParam
                0x080007cc       0x8e Drivers/STM32F4xx_HAL_Driver/Src/stm32f4xx_hal_dma.o
 *fill*         0x0800085a        0x2 
 .text.HAL_DMA_Init
                0x0800085c       0xd0 Drivers/STM32F4xx_HAL_Driver/Src/stm32f4xx_hal_dma.o
                0x0800085c                HAL_DMA_Init
 .text.HAL_DMA_IRQHandler
                0x0800092c      0x1dc Drivers/STM32F4xx_HAL_Driver/Src/stm32f4xx_hal_dma.o
                0x0800092c                HAL_DMA_IRQHandler
 .text.HAL_GPIO_Init
                0x08000b08      0x1e4 Drivers/STM32F4xx_HAL_Driver/Src/stm32f4xx_hal_gpio.o
                0x08000b08                HAL_GPIO_Init
 .text.HAL_GPIO_WritePin
                0x08000cec        0xc Drivers/STM32F4xx_HAL_Driver/Src/stm32f4xx_hal_gpio.o
                0x08000cec                HAL_GPIO_WritePin
 .text.HAL_RCC_OscConfig
                0x08000cf8      0x398 Drivers/STM32F4xx_HAL_Driver/Src/stm32f4xx_hal_rcc.o
                0x08000cf8                HAL_RCC_OscConfig
 .text.HAL_RCC_GetSysClockFreq
                0x08001090       0xd4 Drivers/STM32F4xx_HAL_Driver/Src/stm32f4xx_hal_rcc.o
                0x08001090                HAL_RCC_GetSysClockFreq
 .text.HAL_RCC_ClockConfig
                0x08001164      0x158 Drivers/STM32F4xx_HAL_Driver/Src/stm32f4xx_hal_rcc.o
                0x08001164                HAL_RCC_ClockConfig
 .text.HAL_RCC_GetHCLKFreq
                0x080012bc        0xc Drivers/STM32F4xx_HAL_Driver/Src/stm32f4xx_hal_rcc.o
                0x080012bc                HAL_RCC_GetHCLKFreq
 .text.HAL_SPI_Init
                0x080012c8       0x80 Drivers/STM32F4xx_HAL_Driver/Src/stm32f4xx_hal_spi.o
                0x080012c8                HAL_SPI_Init
 .text.TIM_TI1_ConfigInputStage
                0x08001348       0x26 Drivers/STM32F4xx_HAL_Driver/Src/stm32f4xx_hal_tim.o
 .text.TIM_TI2_ConfigInputStage
                0x0800136e       0x28 Drivers/STM32F4xx_HAL_Driver/Src/stm32f4xx_hal_tim.o
 .text.TIM_ITRx_SetConfig
                0x08001396       0x10 Drivers/STM32F4xx_HAL_Driver/Src/stm32f4xx_hal_tim.o
 .text.TIM_ETR_SetConfig
                0x080013a6       0x18 Drivers/STM32F4xx_HAL_Driver/Src/stm32f4xx_hal_tim.o
 .text.HAL_TIM_ConfigClockSource
                0x080013be      0x108 Drivers/STM32F4xx_HAL_Driver/Src/stm32f4xx_hal_tim.o
                0x080013be                HAL_TIM_ConfigClockSource
 .text.HAL_TIM_PeriodElapsedCallback
                0x080014c6        0x2 Drivers/STM32F4xx_HAL_Driver/Src/stm32f4xx_hal_tim.o
                0x080014c6                HAL_TIM_PeriodElapsedCallback
 .text.HAL_TIM_OC_DelayElapsedCallback
                0x080014c8        0x2 Drivers/STM32F4xx_HAL_Driver/Src/stm32f4xx_hal_tim.o
                0x080014c8                HAL_TIM_OC_DelayElapsedCallback
 .text.HAL_TIM_IC_CaptureCallback
                0x080014ca        0x2 Drivers/STM32F4xx_HAL_Driver/Src/stm32f4xx_hal_tim.o
                0x080014ca                HAL_TIM_IC_CaptureCallback
 .text.HAL_TIM_PWM_PulseFinishedCallback
                0x080014cc        0x2 Drivers/STM32F4xx_HAL_Driver/Src/stm32f4xx_hal_tim.o
                0x080014cc                HAL_TIM_PWM_PulseFinishedCallback
 .text.HAL_TIM_TriggerCallback
                0x080014ce        0x2 Drivers/STM32F4xx_HAL_Driver/Src/stm32f4xx_hal_tim.o
                0x080014ce                HAL_TIM_TriggerCallback
 .text.HAL_TIM_IRQHandler
                0x080014d0      0x17a Drivers/STM32F4xx_HAL_Driver/Src/stm32f4xx_hal_tim.o
                0x080014d0                HAL_TIM_IRQHandler
 *fill*         0x0800164a        0x2 
 .text.TIM_Base_SetConfig
                0x0800164c      0x11c Drivers/STM32F4xx_HAL_Driver/Src/stm32f4xx_hal_tim.o
                0x0800164c                TIM_Base_SetConfig
 .text.HAL_TIM_Base_Init
                0x08001768       0x32 Drivers/STM32F4xx_HAL_Driver/Src/stm32f4xx_hal_tim.o
                0x08001768                HAL_TIM_Base_Init
 .text.HAL_TIMEx_MasterConfigSynchronization
                0x0800179a       0x52 Drivers/STM32F4xx_HAL_Driver/Src/stm32f4xx_hal_tim_ex.o
                0x0800179a                HAL_TIMEx_MasterConfigSynchronization
 .text.HAL_TIMEx_CommutationCallback
                0x080017ec        0x2 Drivers/STM32F4xx_HAL_Driver/Src/stm32f4xx_hal_tim_ex.o
                0x080017ec                HAL_TIMEx_CommutationCallback
 .text.HAL_TIMEx_BreakCallback
                0x080017ee        0x2 Drivers/STM32F4xx_HAL_Driver/Src/stm32f4xx_hal_tim_ex.o
                0x080017ee                HAL_TIMEx_BreakCallback
 .text.disk_status
                0x080017f0       0x18 Middlewares/Third_Party/FatFs/src/diskio.o
                0x080017f0                disk_status
 .text.disk_initialize
                0x08001808       0x28 Middlewares/Third_Party/FatFs/src/diskio.o
                0x08001808                disk_initialize
 .text.disk_read
                0x08001830       0x18 Middlewares/Third_Party/FatFs/src/diskio.o
                0x08001830                disk_read
 .text.disk_write
                0x08001848       0x18 Middlewares/Third_Party/FatFs/src/diskio.o
                0x08001848                disk_write
 .text.disk_ioctl
                0x08001860       0x18 Middlewares/Third_Party/FatFs/src/diskio.o
                0x08001860                disk_ioctl
 .text.ld_word  0x08001878        0xa Middlewares/Third_Party/FatFs/src/ff.o
 .text.ld_dword
                0x08001882       0x16 Middlewares/Third_Party/FatFs/src/ff.o
 .text.st_word  0x08001898        0x8 Middlewares/Third_Party/FatFs/src/ff.o
 .text.st_dword
                0x080018a0       0x14 Middlewares/Third_Party/FatFs/src/ff.o
 .text.mem_cpy  0x080018b4       0x12 Middlewares/Third_Party/FatFs/src/ff.o
 .text.mem_set  0x080018c6        0xa Middlewares/Third_Party/FatFs/src/ff.o
 .text.mem_cmp  0x080018d0       0x1e Middlewares/Third_Party/FatFs/src/ff.o
 .text.chk_chr  0x080018ee       0x10 Middlewares/Third_Party/FatFs/src/ff.o
 *fill*         0x080018fe        0x2 
 .text.chk_lock
                0x08001900       0x74 Middlewares/Third_Party/FatFs/src/ff.o
 .text.enq_lock
                0x08001974       0x20 Middlewares/Third_Party/FatFs/src/ff.o
 .text.inc_lock
                0x08001994       0xa4 Middlewares/Third_Party/FatFs/src/ff.o
 .text.dec_lock
                0x08001a38       0x40 Middlewares/Third_Party/FatFs/src/ff.o
 .text.clear_lock
                0x08001a78       0x3c Middlewares/Third_Party/FatFs/src/ff.o
 .text.clust2sect
                0x08001ab4       0x18 Middlewares/Third_Party/FatFs/src/ff.o
 .text.clmt_clust
                0x08001acc       0x22 Middlewares/Third_Party/FatFs/src/ff.o
 .text.ld_clust
                0x08001aee       0x26 Middlewares/Third_Party/FatFs/src/ff.o
 .text.st_clust
                0x08001b14       0x26 Middlewares/Third_Party/FatFs/src/ff.o
 *fill*         0x08001b3a        0x2 
 .text.create_name
                0x08001b3c       0xd4 Middlewares/Third_Party/FatFs/src/ff.o
 .text.get_ldnumber
                0x08001c10       0x54 Middlewares/Third_Party/FatFs/src/ff.o
 .text.validate
                0x08001c64       0x34 Middlewares/Third_Party/FatFs/src/ff.o
 .text.sync_window
                0x08001c98       0x54 Middlewares/Third_Party/FatFs/src/ff.o
 .text.move_window
                0x08001cec       0x36 Middlewares/Third_Party/FatFs/src/ff.o
 *fill*         0x08001d22        0x2 
 .text.check_fs
                0x08001d24       0x7c Middlewares/Third_Party/FatFs/src/ff.o
 .text.find_volume
                0x08001da0      0x2d0 Middlewares/Third_Party/FatFs/src/ff.o
 .text.put_fat  0x08002070      0x10a Middlewares/Third_Party/FatFs/src/ff.o
 .text.get_fat  0x0800217a       0xce Middlewares/Third_Party/FatFs/src/ff.o
 .text.dir_sdi  0x08002248       0xb0 Middlewares/Third_Party/FatFs/src/ff.o
 .text.create_chain
                0x080022f8       0xc4 Middlewares/Third_Party/FatFs/src/ff.o
 .text.remove_chain
                0x080023bc       0x7e Middlewares/Third_Party/FatFs/src/ff.o
 .text.dir_next
                0x0800243a      0x11e Middlewares/Third_Party/FatFs/src/ff.o
 .text.dir_find
                0x08002558       0x5a Middlewares/Third_Party/FatFs/src/ff.o
 .text.follow_path
                0x080025b2       0x8c Middlewares/Third_Party/FatFs/src/ff.o
 .text.dir_alloc
                0x0800263e       0x50 Middlewares/Third_Party/FatFs/src/ff.o
 .text.dir_register
                0x0800268e       0x3e Middlewares/Third_Party/FatFs/src/ff.o
 .text.sync_fs  0x080026cc       0x8c Middlewares/Third_Party/FatFs/src/ff.o
 .text.f_mount  0x08002758       0x64 Middlewares/Third_Party/FatFs/src/ff.o
                0x08002758                f_mount
 .text.f_open   0x080027bc      0x232 Middlewares/Third_Party/FatFs/src/ff.o
                0x080027bc                f_open
 .text.f_write  0x080029ee      0x1c0 Middlewares/Third_Party/FatFs/src/ff.o
                0x080029ee                f_write
 .text.f_sync   0x08002bae       0xa0 Middlewares/Third_Party/FatFs/src/ff.o
                0x08002bae                f_sync
 .text.f_close  0x08002c4e       0x34 Middlewares/Third_Party/FatFs/src/ff.o
                0x08002c4e                f_close
 *fill*         0x08002c82        0x2 
 .text.FATFS_LinkDriverEx
                0x08002c84       0x48 Middlewares/Third_Party/FatFs/src/ff_gen_drv.o
                0x08002c84                FATFS_LinkDriverEx
 .text.FATFS_LinkDriver
                0x08002ccc        0xa Middlewares/Third_Party/FatFs/src/ff_gen_drv.o
                0x08002ccc                FATFS_LinkDriver
 *fill*         0x08002cd6        0x2 
 .text.MX_DAC_Init
                0x08002cd8       0x60 Src/dac.o
                0x08002cd8                MX_DAC_Init
 .text.HAL_DAC_MspInit
                0x08002d38       0xf8 Src/dac.o
                0x08002d38                HAL_DAC_MspInit
 .text.MX_DMA_Init
                0x08002e30       0x44 Src/dma.o
                0x08002e30                MX_DMA_Init
 .text.MX_FATFS_Init
                0x08002e74       0x1c Src/fatfs.o
                0x08002e74                MX_FATFS_Init
 .text.get_fattime
                0x08002e90        0x4 Src/fatfs.o
                0x08002e90                get_fattime
 .text.MX_GPIO_Init
                0x08002e94       0xac Src/gpio.o
                0x08002e94                MX_GPIO_Init
 .text._Error_Handler
                0x08002f40        0x2 Src/main.o
                0x08002f40                _Error_Handler
 *fill*         0x08002f42        0x2 
 .text.SystemClock_Config
                0x08002f44       0xc4 Src/main.o
                0x08002f44                SystemClock_Config
 .text.main     0x08003008       0xa8 Src/main.o
                0x08003008                main
 .text.MX_SPI2_Init
                0x080030b0       0x48 Src/spi.o
                0x080030b0                MX_SPI2_Init
 .text.MX_SPI3_Init
                0x080030f8       0x48 Src/spi.o
                0x080030f8                MX_SPI3_Init
 .text.HAL_SPI_MspInit
                0x08003140       0xc4 Src/spi.o
                0x08003140                HAL_SPI_MspInit
 .text.HAL_MspInit
                0x08003204       0x5e Src/stm32f4xx_hal_msp.o
                0x08003204                HAL_MspInit
 .text.SVC_Handler
                0x08003262        0x2 Src/stm32f4xx_it.o
                0x08003262                SVC_Handler
 .text.PendSV_Handler
                0x08003264        0x2 Src/stm32f4xx_it.o
                0x08003264                PendSV_Handler
 .text.SysTick_Handler
                0x08003266        0xc Src/stm32f4xx_it.o
                0x08003266                SysTick_Handler
 *fill*         0x08003272        0x2 
 .text.DMA1_Stream5_IRQHandler
                0x08003274       0x10 Src/stm32f4xx_it.o
                0x08003274                DMA1_Stream5_IRQHandler
 .text.DMA1_Stream6_IRQHandler
                0x08003284       0x10 Src/stm32f4xx_it.o
                0x08003284                DMA1_Stream6_IRQHandler
 .text.TIM6_DAC_IRQHandler
                0x08003294       0x18 Src/stm32f4xx_it.o
                0x08003294                TIM6_DAC_IRQHandler
 .text.SystemInit
                0x080032ac       0x4c Src/system_stm32f4xx.o
                0x080032ac                SystemInit
 .text.MX_TIM3_Init
                0x080032f8       0x6c Src/tim.o
                0x080032f8                MX_TIM3_Init
 .text.MX_TIM4_Init
                0x08003364       0x6c Src/tim.o
                0x08003364                MX_TIM4_Init
 .text.MX_TIM5_Init
                0x080033d0       0x6c Src/tim.o
                0x080033d0                MX_TIM5_Init
 .text.MX_TIM6_Init
                0x0800343c       0x50 Src/tim.o
                0x0800343c                MX_TIM6_Init
 .text.MX_TIM7_Init
                0x0800348c       0x50 Src/tim.o
                0x0800348c                MX_TIM7_Init
 .text.MX_TIM8_Init
                0x080034dc       0x70 Src/tim.o
                0x080034dc                MX_TIM8_Init
 .text.MX_TIM9_Init
                0x0800354c       0x54 Src/tim.o
                0x0800354c                MX_TIM9_Init
 .text.MX_TIM12_Init
                0x080035a0       0x58 Src/tim.o
                0x080035a0                MX_TIM12_Init
 .text.HAL_TIM_Base_MspInit
                0x080035f8      0x140 Src/tim.o
                0x080035f8                HAL_TIM_Base_MspInit
 .text.USER_initialize
                0x08003738       0x10 Src/user_diskio.o
                0x08003738                USER_initialize
 .text.USER_status
                0x08003748       0x10 Src/user_diskio.o
                0x08003748                USER_status
 .text.USER_read
                0x08003758        0x4 Src/user_diskio.o
                0x08003758                USER_read
 .text.USER_write
                0x0800375c        0x4 Src/user_diskio.o
                0x0800375c                USER_write
 .text.USER_ioctl
                0x08003760        0x4 Src/user_diskio.o
                0x08003760                USER_ioctl
 .text.Reset_Handler
                0x08003764       0x50 startup/startup_stm32f429xx.o
                0x08003764                Reset_Handler
 .text.Default_Handler
                0x080037b4        0x2 startup/startup_stm32f429xx.o
                0x080037b4                RTC_Alarm_IRQHandler
                0x080037b4                HASH_RNG_IRQHandler
                0x080037b4                EXTI2_IRQHandler
                0x080037b4                TIM8_CC_IRQHandler
                0x080037b4                DebugMon_Handler
                0x080037b4                UART8_IRQHandler
                0x080037b4                SPI4_IRQHandler
                0x080037b4                TIM1_CC_IRQHandler
                0x080037b4                DMA2_Stream5_IRQHandler
                0x080037b4                HardFault_Handler
                0x080037b4                PVD_IRQHandler
                0x080037b4                SDIO_IRQHandler
                0x080037b4                TAMP_STAMP_IRQHandler
                0x080037b4                NMI_Handler
                0x080037b4                CAN2_RX1_IRQHandler
                0x080037b4                EXTI3_IRQHandler
                0x080037b4                TIM8_TRG_COM_TIM14_IRQHandler
                0x080037b4                TIM1_UP_TIM10_IRQHandler
                0x080037b4                TIM8_UP_TIM13_IRQHandler
                0x080037b4                I2C3_ER_IRQHandler
                0x080037b4                EXTI0_IRQHandler
                0x080037b4                I2C2_EV_IRQHandler
                0x080037b4                DMA1_Stream2_IRQHandler
                0x080037b4                CAN1_RX0_IRQHandler
                0x080037b4                FPU_IRQHandler
                0x080037b4                OTG_HS_WKUP_IRQHandler
                0x080037b4                UsageFault_Handler
                0x080037b4                LTDC_ER_IRQHandler
                0x080037b4                CAN2_SCE_IRQHandler
                0x080037b4                DMA2_Stream2_IRQHandler
                0x080037b4                SPI1_IRQHandler
                0x080037b4                TIM1_BRK_TIM9_IRQHandler
                0x080037b4                DCMI_IRQHandler
                0x080037b4                CAN2_RX0_IRQHandler
                0x080037b4                DMA2_Stream3_IRQHandler
                0x080037b4                USART6_IRQHandler
                0x080037b4                USART3_IRQHandler
                0x080037b4                CAN1_RX1_IRQHandler
                0x080037b4                UART5_IRQHandler
                0x080037b4                DMA2_Stream0_IRQHandler
                0x080037b4                TIM4_IRQHandler
                0x080037b4                I2C1_EV_IRQHandler
                0x080037b4                DMA1_Stream1_IRQHandler
                0x080037b4                UART4_IRQHandler
                0x080037b4                TIM3_IRQHandler
                0x080037b4                RCC_IRQHandler
                0x080037b4                TIM8_BRK_TIM12_IRQHandler
                0x080037b4                Default_Handler
                0x080037b4                EXTI15_10_IRQHandler
                0x080037b4                ADC_IRQHandler
                0x080037b4                DMA1_Stream7_IRQHandler
                0x080037b4                SPI5_IRQHandler
                0x080037b4                TIM7_IRQHandler
                0x080037b4                CAN2_TX_IRQHandler
                0x080037b4                TIM5_IRQHandler
                0x080037b4                DMA2_Stream7_IRQHandler
                0x080037b4                I2C3_EV_IRQHandler
                0x080037b4                EXTI9_5_IRQHandler
                0x080037b4                RTC_WKUP_IRQHandler
                0x080037b4                LTDC_IRQHandler
                0x080037b4                ETH_WKUP_IRQHandler
                0x080037b4                SPI2_IRQHandler
                0x080037b4                OTG_HS_EP1_IN_IRQHandler
                0x080037b4                MemManage_Handler
                0x080037b4                DMA1_Stream0_IRQHandler
                0x080037b4                CAN1_TX_IRQHandler
                0x080037b4                EXTI4_IRQHandler
                0x080037b4                ETH_IRQHandler
                0x080037b4                OTG_HS_EP1_OUT_IRQHandler
                0x080037b4                WWDG_IRQHandler
                0x080037b4                SPI6_IRQHandler
                0x080037b4                TIM2_IRQHandler
                0x080037b4                OTG_FS_WKUP_IRQHandler
                0x080037b4                TIM1_TRG_COM_TIM11_IRQHandler
                0x080037b4                OTG_HS_IRQHandler
                0x080037b4                DMA2D_IRQHandler
                0x080037b4                EXTI1_IRQHandler
                0x080037b4                UART7_IRQHandler
                0x080037b4                USART2_IRQHandler
                0x080037b4                I2C2_ER_IRQHandler
                0x080037b4                DMA2_Stream1_IRQHandler
                0x080037b4                CAN1_SCE_IRQHandler
                0x080037b4                FLASH_IRQHandler
                0x080037b4                DMA2_Stream4_IRQHandler
                0x080037b4                BusFault_Handler
                0x080037b4                USART1_IRQHandler
                0x080037b4                OTG_FS_IRQHandler
                0x080037b4                SPI3_IRQHandler
                0x080037b4                DMA1_Stream4_IRQHandler
                0x080037b4                I2C1_ER_IRQHandler
                0x080037b4                FMC_IRQHandler
                0x080037b4                DMA2_Stream6_IRQHandler
                0x080037b4                SAI1_IRQHandler
                0x080037b4                DMA1_Stream3_IRQHandler
 *fill*         0x080037b6        0x2 
 .text.__libc_init_array
                0x080037b8       0x48 c:/ac6/systemworkbench/plugins/fr.ac6.mcu.externaltools.arm-none.win32_1.15.0.201708311556/tools/compiler/bin/../lib/gcc/arm-none-eabi/6.3.1/../../../../arm-none-eabi/lib/thumb/v7e-m/fpv4-sp/hard\libc_nano.a(lib_a-init.o)
                0x080037b8                __libc_init_array
 *(.glue_7)
 .glue_7        0x08003800        0x0 linker stubs
 *(.glue_7t)
 .glue_7t       0x08003800        0x0 linker stubs
 *(.eh_frame)
 .eh_frame      0x08003800        0x0 c:/ac6/systemworkbench/plugins/fr.ac6.mcu.externaltools.arm-none.win32_1.15.0.201708311556/tools/compiler/bin/../lib/gcc/arm-none-eabi/6.3.1/thumb/v7e-m/fpv4-sp/hard/crtbegin.o
 *(.init)
 .init          0x08003800        0x4 c:/ac6/systemworkbench/plugins/fr.ac6.mcu.externaltools.arm-none.win32_1.15.0.201708311556/tools/compiler/bin/../lib/gcc/arm-none-eabi/6.3.1/thumb/v7e-m/fpv4-sp/hard/crti.o
                0x08003800                _init
 .init          0x08003804        0x8 c:/ac6/systemworkbench/plugins/fr.ac6.mcu.externaltools.arm-none.win32_1.15.0.201708311556/tools/compiler/bin/../lib/gcc/arm-none-eabi/6.3.1/thumb/v7e-m/fpv4-sp/hard/crtn.o
 *(.fini)
 .fini          0x0800380c        0x4 c:/ac6/systemworkbench/plugins/fr.ac6.mcu.externaltools.arm-none.win32_1.15.0.201708311556/tools/compiler/bin/../lib/gcc/arm-none-eabi/6.3.1/thumb/v7e-m/fpv4-sp/hard/crti.o
                0x0800380c                _fini
 .fini          0x08003810        0x8 c:/ac6/systemworkbench/plugins/fr.ac6.mcu.externaltools.arm-none.win32_1.15.0.201708311556/tools/compiler/bin/../lib/gcc/arm-none-eabi/6.3.1/thumb/v7e-m/fpv4-sp/hard/crtn.o
                0x08003818                . = ALIGN (0x4)
                0x08003818                _etext = .

.vfp11_veneer   0x08003818        0x0
 .vfp11_veneer  0x08003818        0x0 linker stubs

.v4_bx          0x08003818        0x0
 .v4_bx         0x08003818        0x0 linker stubs

.iplt           0x08003818        0x0
 .iplt          0x08003818        0x0 c:/ac6/systemworkbench/plugins/fr.ac6.mcu.externaltools.arm-none.win32_1.15.0.201708311556/tools/compiler/bin/../lib/gcc/arm-none-eabi/6.3.1/thumb/v7e-m/fpv4-sp/hard/crtbegin.o

.rodata         0x08003818      0x160
                0x08003818                . = ALIGN (0x4)
 *(.rodata)
 .rodata        0x08003818        0x8 Drivers/STM32F4xx_HAL_Driver/Src/stm32f4xx_hal_dma.o
 .rodata        0x08003820       0x9e Middlewares/Third_Party/FatFs/src/ff.o
 *fill*         0x080038be        0x2 
 .rodata        0x080038c0        0xb Src/main.o
 *fill*         0x080038cb        0x1 
 .rodata        0x080038cc       0x18 Src/system_stm32f4xx.o
                0x080038cc                AHBPrescTable
                0x080038dc                APBPrescTable
 *(.rodata*)
 .rodata.str1.4
                0x080038e4       0x44 Middlewares/Third_Party/FatFs/src/ff.o
 .rodata.str1.4
                0x08003928        0xd Src/dac.o
 *fill*         0x08003935        0x3 
 .rodata.str1.4
                0x08003938       0x20 Src/main.o
 .rodata.str1.4
                0x08003958        0xd Src/spi.o
 *fill*         0x08003965        0x3 
 .rodata.str1.4
                0x08003968       0x10 Src/tim.o
                                  0xd (size before relaxing)
                0x08003978                . = ALIGN (0x4)

.ARM.extab
 *(.ARM.extab* .gnu.linkonce.armextab.*)

.ARM            0x08003978        0x8
                0x08003978                __exidx_start = .
 *(.ARM.exidx*)
 .ARM.exidx     0x08003978        0x8 c:/ac6/systemworkbench/plugins/fr.ac6.mcu.externaltools.arm-none.win32_1.15.0.201708311556/tools/compiler/bin/../lib/gcc/arm-none-eabi/6.3.1/thumb/v7e-m/fpv4-sp/hard\libgcc.a(_udivmoddi4.o)
                0x08003980                __exidx_end = .

.rel.dyn        0x08003980        0x0
 .rel.iplt      0x08003980        0x0 c:/ac6/systemworkbench/plugins/fr.ac6.mcu.externaltools.arm-none.win32_1.15.0.201708311556/tools/compiler/bin/../lib/gcc/arm-none-eabi/6.3.1/thumb/v7e-m/fpv4-sp/hard/crtbegin.o

.preinit_array  0x08003980        0x0
                0x08003980                PROVIDE (__preinit_array_start, .)
 *(.preinit_array*)
                0x08003980                PROVIDE (__preinit_array_end, .)

.init_array     0x08003980        0x4
                0x08003980                PROVIDE (__init_array_start, .)
 *(SORT(.init_array.*))
 *(.init_array*)
 .init_array    0x08003980        0x4 c:/ac6/systemworkbench/plugins/fr.ac6.mcu.externaltools.arm-none.win32_1.15.0.201708311556/tools/compiler/bin/../lib/gcc/arm-none-eabi/6.3.1/thumb/v7e-m/fpv4-sp/hard/crtbegin.o
                0x08003984                PROVIDE (__init_array_end, .)

.fini_array     0x08003984        0x4
                [!provide]                PROVIDE (__fini_array_start, .)
 *(SORT(.fini_array.*))
 *(.fini_array*)
 .fini_array    0x08003984        0x4 c:/ac6/systemworkbench/plugins/fr.ac6.mcu.externaltools.arm-none.win32_1.15.0.201708311556/tools/compiler/bin/../lib/gcc/arm-none-eabi/6.3.1/thumb/v7e-m/fpv4-sp/hard/crtbegin.o
                [!provide]                PROVIDE (__fini_array_end, .)
                0x08003988                _sidata = LOADADDR (.data)

.data           0x20000000       0x24 load address 0x08003988
                0x20000000                . = ALIGN (0x4)
                0x20000000                _sdata = .
 *(.data)
 .data          0x20000000        0x8 Drivers/STM32F4xx_HAL_Driver/Src/stm32f4xx_hal.o
                0x20000000                uwTickFreq
                0x20000004                uwTickPrio
 .data          0x20000008        0x4 Src/system_stm32f4xx.o
                0x20000008                SystemCoreClock
 .data          0x2000000c       0x18 Src/user_diskio.o
                0x20000010                USER_Driver
 *(.data*)
                0x20000024                . = ALIGN (0x4)
                0x20000024                _edata = .
                0x080039ac                _siccmram = LOADADDR (.ccmram)

.jcr            0x20000024        0x0 load address 0x080039ac
 .jcr           0x20000024        0x0 c:/ac6/systemworkbench/plugins/fr.ac6.mcu.externaltools.arm-none.win32_1.15.0.201708311556/tools/compiler/bin/../lib/gcc/arm-none-eabi/6.3.1/thumb/v7e-m/fpv4-sp/hard/crtbegin.o

.igot.plt       0x20000024        0x0 load address 0x080039ac
 .igot.plt      0x20000024        0x0 c:/ac6/systemworkbench/plugins/fr.ac6.mcu.externaltools.arm-none.win32_1.15.0.201708311556/tools/compiler/bin/../lib/gcc/arm-none-eabi/6.3.1/thumb/v7e-m/fpv4-sp/hard/crtbegin.o

.ccmram         0x10000000        0x0 load address 0x080039ac
                0x10000000                . = ALIGN (0x4)
                0x10000000                _sccmram = .
 *(.ccmram)
 *(.ccmram*)
                0x10000000                . = ALIGN (0x4)
                0x10000000                _eccmram = .
                0x10000000                . = ALIGN (0x4)

.bss            0x20000024      0x880
                0x20000024                _sbss = .
                0x20000024                __bss_start__ = _sbss
 *(.bss)
 .bss           0x20000024       0x1c c:/ac6/systemworkbench/plugins/fr.ac6.mcu.externaltools.arm-none.win32_1.15.0.201708311556/tools/compiler/bin/../lib/gcc/arm-none-eabi/6.3.1/thumb/v7e-m/fpv4-sp/hard/crtbegin.o
 .bss           0x20000040       0x26 Middlewares/Third_Party/FatFs/src/ff.o
 *fill*         0x20000066        0x2 
 .bss           0x20000068        0xc Middlewares/Third_Party/FatFs/src/ff_gen_drv.o
                0x20000068                disk
 *(.bss*)
 *(COMMON)
 COMMON         0x20000074        0x4 Drivers/STM32F4xx_HAL_Driver/Src/stm32f4xx_hal.o
                0x20000074                uwTick
 COMMON         0x20000078       0xd4 Src/dac.o
                0x20000078                hdma_dac1
                0x200000d8                hdac
                0x200000ec                hdma_dac2
 COMMON         0x2000014c      0x468 Src/fatfs.o
                0x2000014c                USERPath
                0x20000150                retUSER
                0x20000154                USERFile
                0x20000384                USERFatFS
 COMMON         0x200005b4       0x9c Src/main.o
                0x200005b4                hdma_dac_ch1
                0x20000614                htim6
 COMMON         0x20000650       0xb0 Src/spi.o
                0x20000650                hspi2
                0x200006a8                hspi3
 COMMON         0x20000700      0x1a4 Src/tim.o
                0x20000700                htim8
                0x2000073c                htim4
                0x20000778                htim5
                0x200007b4                htim3
                0x200007f0                htim9
                0x2000082c                htim12
                0x20000868                htim7
                0x200008a4                . = ALIGN (0x4)
                0x200008a4                _ebss = .
                0x200008a4                __bss_end__ = _ebss

._user_heap_stack
                0x200008a4     0x6004
                0x200008a8                . = ALIGN (0x8)
 *fill*         0x200008a4        0x4 
                [!provide]                PROVIDE (end, .)
                [!provide]                PROVIDE (_end, .)
                0x200028a8                . = (. + _Min_Heap_Size)
 *fill*         0x200008a8     0x2000 
                0x200068a8                . = (. + _Min_Stack_Size)
 *fill*         0x200028a8     0x4000 
                0x200068a8                . = ALIGN (0x8)

/DISCARD/
 libc.a(*)
 libm.a(*)
 libgcc.a(*)

.ARM.attributes
                0x00000000       0x30
 *(.ARM.attributes)
 .ARM.attributes
                0x00000000       0x22 c:/ac6/systemworkbench/plugins/fr.ac6.mcu.externaltools.arm-none.win32_1.15.0.201708311556/tools/compiler/bin/../lib/gcc/arm-none-eabi/6.3.1/thumb/v7e-m/fpv4-sp/hard/crti.o
 .ARM.attributes
                0x00000022       0x34 c:/ac6/systemworkbench/plugins/fr.ac6.mcu.externaltools.arm-none.win32_1.15.0.201708311556/tools/compiler/bin/../lib/gcc/arm-none-eabi/6.3.1/thumb/v7e-m/fpv4-sp/hard/crtbegin.o
 .ARM.attributes
                0x00000056       0x39 Drivers/STM32F4xx_HAL_Driver/Src/stm32f4xx_hal.o
 .ARM.attributes
                0x0000008f       0x39 Drivers/STM32F4xx_HAL_Driver/Src/stm32f4xx_hal_cortex.o
 .ARM.attributes
                0x000000c8       0x39 Drivers/STM32F4xx_HAL_Driver/Src/stm32f4xx_hal_dac.o
 .ARM.attributes
                0x00000101       0x39 Drivers/STM32F4xx_HAL_Driver/Src/stm32f4xx_hal_dac_ex.o
 .ARM.attributes
                0x0000013a       0x39 Drivers/STM32F4xx_HAL_Driver/Src/stm32f4xx_hal_dma.o
 .ARM.attributes
                0x00000173       0x39 Drivers/STM32F4xx_HAL_Driver/Src/stm32f4xx_hal_gpio.o
 .ARM.attributes
                0x000001ac       0x39 Drivers/STM32F4xx_HAL_Driver/Src/stm32f4xx_hal_rcc.o
 .ARM.attributes
                0x000001e5       0x39 Drivers/STM32F4xx_HAL_Driver/Src/stm32f4xx_hal_spi.o
 .ARM.attributes
                0x0000021e       0x39 Drivers/STM32F4xx_HAL_Driver/Src/stm32f4xx_hal_tim.o
 .ARM.attributes
                0x00000257       0x39 Drivers/STM32F4xx_HAL_Driver/Src/stm32f4xx_hal_tim_ex.o
 .ARM.attributes
                0x00000290       0x39 Middlewares/Third_Party/FatFs/src/diskio.o
 .ARM.attributes
                0x000002c9       0x39 Middlewares/Third_Party/FatFs/src/ff.o
 .ARM.attributes
                0x00000302       0x39 Middlewares/Third_Party/FatFs/src/ff_gen_drv.o
 .ARM.attributes
                0x0000033b       0x39 Src/dac.o
 .ARM.attributes
                0x00000374       0x39 Src/dma.o
 .ARM.attributes
                0x000003ad       0x39 Src/fatfs.o
 .ARM.attributes
                0x000003e6       0x39 Src/gpio.o
 .ARM.attributes
                0x0000041f       0x39 Src/main.o
 .ARM.attributes
                0x00000458       0x39 Src/spi.o
 .ARM.attributes
                0x00000491       0x39 Src/stm32f4xx_hal_msp.o
 .ARM.attributes
                0x000004ca       0x39 Src/stm32f4xx_it.o
 .ARM.attributes
                0x00000503       0x39 Src/system_stm32f4xx.o
 .ARM.attributes
                0x0000053c       0x39 Src/tim.o
 .ARM.attributes
                0x00000575       0x39 Src/user_diskio.o
 .ARM.attributes
                0x000005ae       0x21 startup/startup_stm32f429xx.o
 .ARM.attributes
                0x000005cf       0x22 c:/ac6/systemworkbench/plugins/fr.ac6.mcu.externaltools.arm-none.win32_1.15.0.201708311556/tools/compiler/bin/../lib/gcc/arm-none-eabi/6.3.1/thumb/v7e-m/fpv4-sp/hard\libgcc.a(_aeabi_uldivmod.o)
 .ARM.attributes
                0x000005f1       0x34 c:/ac6/systemworkbench/plugins/fr.ac6.mcu.externaltools.arm-none.win32_1.15.0.201708311556/tools/compiler/bin/../lib/gcc/arm-none-eabi/6.3.1/thumb/v7e-m/fpv4-sp/hard\libgcc.a(_udivmoddi4.o)
 .ARM.attributes
                0x00000625       0x22 c:/ac6/systemworkbench/plugins/fr.ac6.mcu.externaltools.arm-none.win32_1.15.0.201708311556/tools/compiler/bin/../lib/gcc/arm-none-eabi/6.3.1/thumb/v7e-m/fpv4-sp/hard\libgcc.a(_dvmd_tls.o)
 .ARM.attributes
                0x00000647       0x34 c:/ac6/systemworkbench/plugins/fr.ac6.mcu.externaltools.arm-none.win32_1.15.0.201708311556/tools/compiler/bin/../lib/gcc/arm-none-eabi/6.3.1/../../../../arm-none-eabi/lib/thumb/v7e-m/fpv4-sp/hard\libc_nano.a(lib_a-init.o)
 .ARM.attributes
                0x0000067b       0x22 c:/ac6/systemworkbench/plugins/fr.ac6.mcu.externaltools.arm-none.win32_1.15.0.201708311556/tools/compiler/bin/../lib/gcc/arm-none-eabi/6.3.1/thumb/v7e-m/fpv4-sp/hard/crtn.o
OUTPUT(base3.elf elf32-littlearm)

.debug_info     0x00000000    0x21a4c
 .debug_info    0x00000000     0x1250 Drivers/STM32F4xx_HAL_Driver/Src/stm32f4xx_hal.o
 .debug_info    0x00001250     0x1790 Drivers/STM32F4xx_HAL_Driver/Src/stm32f4xx_hal_cortex.o
 .debug_info    0x000029e0     0x13a1 Drivers/STM32F4xx_HAL_Driver/Src/stm32f4xx_hal_dac.o
 .debug_info    0x00003d81      0xfc8 Drivers/STM32F4xx_HAL_Driver/Src/stm32f4xx_hal_dac_ex.o
 .debug_info    0x00004d49     0x127c Drivers/STM32F4xx_HAL_Driver/Src/stm32f4xx_hal_dma.o
 .debug_info    0x00005fc5      0xfb1 Drivers/STM32F4xx_HAL_Driver/Src/stm32f4xx_hal_gpio.o
 .debug_info    0x00006f76     0x1279 Drivers/STM32F4xx_HAL_Driver/Src/stm32f4xx_hal_rcc.o
 .debug_info    0x000081ef     0x220a Drivers/STM32F4xx_HAL_Driver/Src/stm32f4xx_hal_spi.o
 .debug_info    0x0000a3f9     0x3684 Drivers/STM32F4xx_HAL_Driver/Src/stm32f4xx_hal_tim.o
 .debug_info    0x0000da7d     0x1b26 Drivers/STM32F4xx_HAL_Driver/Src/stm32f4xx_hal_tim_ex.o
 .debug_info    0x0000f5a3      0xcf1 Middlewares/Third_Party/FatFs/src/diskio.o
 .debug_info    0x00010294     0x46e4 Middlewares/Third_Party/FatFs/src/ff.o
 .debug_info    0x00014978      0xc70 Middlewares/Third_Party/FatFs/src/ff_gen_drv.o
 .debug_info    0x000155e8     0x1546 Src/dac.o
 .debug_info    0x00016b2e      0xe10 Src/dma.o
 .debug_info    0x0001793e      0xd63 Src/fatfs.o
 .debug_info    0x000186a1      0xd43 Src/gpio.o
 .debug_info    0x000193e4     0x2103 Src/main.o
 .debug_info    0x0001b4e7     0x13e8 Src/spi.o
 .debug_info    0x0001c8cf      0xcab Src/stm32f4xx_hal_msp.o
 .debug_info    0x0001d57a     0x1079 Src/stm32f4xx_it.o
 .debug_info    0x0001e5f3      0xd4a Src/system_stm32f4xx.o
 .debug_info    0x0001f33d     0x1aaf Src/tim.o
 .debug_info    0x00020dec      0xbf1 Src/user_diskio.o
 .debug_info    0x000219dd       0x6f startup/startup_stm32f429xx.o

.debug_abbrev   0x00000000     0x3f99
 .debug_abbrev  0x00000000      0x2e3 Drivers/STM32F4xx_HAL_Driver/Src/stm32f4xx_hal.o
 .debug_abbrev  0x000002e3      0x3d4 Drivers/STM32F4xx_HAL_Driver/Src/stm32f4xx_hal_cortex.o
 .debug_abbrev  0x000006b7      0x2d5 Drivers/STM32F4xx_HAL_Driver/Src/stm32f4xx_hal_dac.o
 .debug_abbrev  0x0000098c      0x29b Drivers/STM32F4xx_HAL_Driver/Src/stm32f4xx_hal_dac_ex.o
 .debug_abbrev  0x00000c27      0x328 Drivers/STM32F4xx_HAL_Driver/Src/stm32f4xx_hal_dma.o
 .debug_abbrev  0x00000f4f      0x2a5 Drivers/STM32F4xx_HAL_Driver/Src/stm32f4xx_hal_gpio.o
 .debug_abbrev  0x000011f4      0x331 Drivers/STM32F4xx_HAL_Driver/Src/stm32f4xx_hal_rcc.o
 .debug_abbrev  0x00001525      0x2f0 Drivers/STM32F4xx_HAL_Driver/Src/stm32f4xx_hal_spi.o
 .debug_abbrev  0x00001815      0x2dc Drivers/STM32F4xx_HAL_Driver/Src/stm32f4xx_hal_tim.o
 .debug_abbrev  0x00001af1      0x2dc Drivers/STM32F4xx_HAL_Driver/Src/stm32f4xx_hal_tim_ex.o
 .debug_abbrev  0x00001dcd      0x280 Middlewares/Third_Party/FatFs/src/diskio.o
 .debug_abbrev  0x0000204d      0x31c Middlewares/Third_Party/FatFs/src/ff.o
 .debug_abbrev  0x00002369      0x274 Middlewares/Third_Party/FatFs/src/ff_gen_drv.o
 .debug_abbrev  0x000025dd      0x27b Src/dac.o
 .debug_abbrev  0x00002858      0x232 Src/dma.o
 .debug_abbrev  0x00002a8a      0x23d Src/fatfs.o
 .debug_abbrev  0x00002cc7      0x229 Src/gpio.o
 .debug_abbrev  0x00002ef0      0x2dd Src/main.o
 .debug_abbrev  0x000031cd      0x295 Src/spi.o
 .debug_abbrev  0x00003462      0x209 Src/stm32f4xx_hal_msp.o
 .debug_abbrev  0x0000366b      0x22e Src/stm32f4xx_it.o
 .debug_abbrev  0x00003899      0x205 Src/system_stm32f4xx.o
 .debug_abbrev  0x00003a9e      0x2a6 Src/tim.o
 .debug_abbrev  0x00003d44      0x243 Src/user_diskio.o
 .debug_abbrev  0x00003f87       0x12 startup/startup_stm32f429xx.o

.debug_loc      0x00000000     0xcf70
 .debug_loc     0x00000000      0x108 Drivers/STM32F4xx_HAL_Driver/Src/stm32f4xx_hal.o
 .debug_loc     0x00000108      0x5ce Drivers/STM32F4xx_HAL_Driver/Src/stm32f4xx_hal_cortex.o
 .debug_loc     0x000006d6      0x9a9 Drivers/STM32F4xx_HAL_Driver/Src/stm32f4xx_hal_dac.o
 .debug_loc     0x0000107f      0x32f Drivers/STM32F4xx_HAL_Driver/Src/stm32f4xx_hal_dac_ex.o
 .debug_loc     0x000013ae      0xae1 Drivers/STM32F4xx_HAL_Driver/Src/stm32f4xx_hal_dma.o
 .debug_loc     0x00001e8f      0x3fd Drivers/STM32F4xx_HAL_Driver/Src/stm32f4xx_hal_gpio.o
 .debug_loc     0x0000228c      0x3e6 Drivers/STM32F4xx_HAL_Driver/Src/stm32f4xx_hal_rcc.o
 .debug_loc     0x00002672     0x1984 Drivers/STM32F4xx_HAL_Driver/Src/stm32f4xx_hal_spi.o
 .debug_loc     0x00003ff6     0x34bc Drivers/STM32F4xx_HAL_Driver/Src/stm32f4xx_hal_tim.o
 .debug_loc     0x000074b2      0xe78 Drivers/STM32F4xx_HAL_Driver/Src/stm32f4xx_hal_tim_ex.o
 .debug_loc     0x0000832a      0x1fc Middlewares/Third_Party/FatFs/src/diskio.o
 .debug_loc     0x00008526     0x4490 Middlewares/Third_Party/FatFs/src/ff.o
 .debug_loc     0x0000c9b6      0x23f Middlewares/Third_Party/FatFs/src/ff_gen_drv.o
 .debug_loc     0x0000cbf5       0x4a Src/dac.o
 .debug_loc     0x0000cc3f      0x109 Src/spi.o
 .debug_loc     0x0000cd48      0x13e Src/system_stm32f4xx.o
 .debug_loc     0x0000ce86       0x45 Src/tim.o
 .debug_loc     0x0000cecb       0xa5 Src/user_diskio.o

.debug_aranges  0x00000000      0xfb0
 .debug_aranges
                0x00000000       0xf0 Drivers/STM32F4xx_HAL_Driver/Src/stm32f4xx_hal.o
 .debug_aranges
                0x000000f0       0xa8 Drivers/STM32F4xx_HAL_Driver/Src/stm32f4xx_hal_cortex.o
 .debug_aranges
                0x00000198       0xc8 Drivers/STM32F4xx_HAL_Driver/Src/stm32f4xx_hal_dac.o
 .debug_aranges
                0x00000260       0x70 Drivers/STM32F4xx_HAL_Driver/Src/stm32f4xx_hal_dac_ex.o
 .debug_aranges
                0x000002d0       0x90 Drivers/STM32F4xx_HAL_Driver/Src/stm32f4xx_hal_dma.o
 .debug_aranges
                0x00000360       0x58 Drivers/STM32F4xx_HAL_Driver/Src/stm32f4xx_hal_gpio.o
 .debug_aranges
                0x000003b8       0x88 Drivers/STM32F4xx_HAL_Driver/Src/stm32f4xx_hal_rcc.o
 .debug_aranges
                0x00000440      0x1c8 Drivers/STM32F4xx_HAL_Driver/Src/stm32f4xx_hal_spi.o
 .debug_aranges
                0x00000608      0x368 Drivers/STM32F4xx_HAL_Driver/Src/stm32f4xx_hal_tim.o
 .debug_aranges
                0x00000970      0x140 Drivers/STM32F4xx_HAL_Driver/Src/stm32f4xx_hal_tim_ex.o
 .debug_aranges
                0x00000ab0       0x48 Middlewares/Third_Party/FatFs/src/diskio.o
 .debug_aranges
                0x00000af8      0x208 Middlewares/Third_Party/FatFs/src/ff.o
 .debug_aranges
                0x00000d00       0x40 Middlewares/Third_Party/FatFs/src/ff_gen_drv.o
 .debug_aranges
                0x00000d40       0x30 Src/dac.o
 .debug_aranges
                0x00000d70       0x20 Src/dma.o
 .debug_aranges
                0x00000d90       0x28 Src/fatfs.o
 .debug_aranges
                0x00000db8       0x20 Src/gpio.o
 .debug_aranges
                0x00000dd8       0x30 Src/main.o
 .debug_aranges
                0x00000e08       0x48 Src/spi.o
 .debug_aranges
                0x00000e50       0x20 Src/stm32f4xx_hal_msp.o
 .debug_aranges
                0x00000e70       0x48 Src/stm32f4xx_it.o
 .debug_aranges
                0x00000eb8       0x28 Src/system_stm32f4xx.o
 .debug_aranges
                0x00000ee0       0x68 Src/tim.o
 .debug_aranges
                0x00000f48       0x40 Src/user_diskio.o
 .debug_aranges
                0x00000f88       0x28 startup/startup_stm32f429xx.o

.debug_ranges   0x00000000      0xea0
 .debug_ranges  0x00000000       0xe0 Drivers/STM32F4xx_HAL_Driver/Src/stm32f4xx_hal.o
 .debug_ranges  0x000000e0       0xf8 Drivers/STM32F4xx_HAL_Driver/Src/stm32f4xx_hal_cortex.o
 .debug_ranges  0x000001d8       0xb8 Drivers/STM32F4xx_HAL_Driver/Src/stm32f4xx_hal_dac.o
 .debug_ranges  0x00000290       0x60 Drivers/STM32F4xx_HAL_Driver/Src/stm32f4xx_hal_dac_ex.o
 .debug_ranges  0x000002f0       0x80 Drivers/STM32F4xx_HAL_Driver/Src/stm32f4xx_hal_dma.o
 .debug_ranges  0x00000370       0x48 Drivers/STM32F4xx_HAL_Driver/Src/stm32f4xx_hal_gpio.o
 .debug_ranges  0x000003b8       0x90 Drivers/STM32F4xx_HAL_Driver/Src/stm32f4xx_hal_rcc.o
 .debug_ranges  0x00000448      0x1b8 Drivers/STM32F4xx_HAL_Driver/Src/stm32f4xx_hal_spi.o
 .debug_ranges  0x00000600      0x358 Drivers/STM32F4xx_HAL_Driver/Src/stm32f4xx_hal_tim.o
 .debug_ranges  0x00000958      0x130 Drivers/STM32F4xx_HAL_Driver/Src/stm32f4xx_hal_tim_ex.o
 .debug_ranges  0x00000a88       0x38 Middlewares/Third_Party/FatFs/src/diskio.o
 .debug_ranges  0x00000ac0      0x1f8 Middlewares/Third_Party/FatFs/src/ff.o
 .debug_ranges  0x00000cb8       0x30 Middlewares/Third_Party/FatFs/src/ff_gen_drv.o
 .debug_ranges  0x00000ce8       0x20 Src/dac.o
 .debug_ranges  0x00000d08       0x10 Src/dma.o
 .debug_ranges  0x00000d18       0x18 Src/fatfs.o
 .debug_ranges  0x00000d30       0x10 Src/gpio.o
 .debug_ranges  0x00000d40       0x20 Src/main.o
 .debug_ranges  0x00000d60       0x38 Src/spi.o
 .debug_ranges  0x00000d98       0x10 Src/stm32f4xx_hal_msp.o
 .debug_ranges  0x00000da8       0x38 Src/stm32f4xx_it.o
 .debug_ranges  0x00000de0       0x18 Src/system_stm32f4xx.o
 .debug_ranges  0x00000df8       0x58 Src/tim.o
 .debug_ranges  0x00000e50       0x30 Src/user_diskio.o
 .debug_ranges  0x00000e80       0x20 startup/startup_stm32f429xx.o

.debug_macro    0x00000000    0x26f16
 .debug_macro   0x00000000      0x392 Drivers/STM32F4xx_HAL_Driver/Src/stm32f4xx_hal.o
 .debug_macro   0x00000392      0x8bc Drivers/STM32F4xx_HAL_Driver/Src/stm32f4xx_hal.o
 .debug_macro   0x00000c4e       0x10 Drivers/STM32F4xx_HAL_Driver/Src/stm32f4xx_hal.o
 .debug_macro   0x00000c5e      0x186 Drivers/STM32F4xx_HAL_Driver/Src/stm32f4xx_hal.o
 .debug_macro   0x00000de4       0x32 Drivers/STM32F4xx_HAL_Driver/Src/stm32f4xx_hal.o
 .debug_macro   0x00000e16       0x28 Drivers/STM32F4xx_HAL_Driver/Src/stm32f4xx_hal.o
 .debug_macro   0x00000e3e       0x22 Drivers/STM32F4xx_HAL_Driver/Src/stm32f4xx_hal.o
 .debug_macro   0x00000e60       0x87 Drivers/STM32F4xx_HAL_Driver/Src/stm32f4xx_hal.o
 .debug_macro   0x00000ee7       0x51 Drivers/STM32F4xx_HAL_Driver/Src/stm32f4xx_hal.o
 .debug_macro   0x00000f38       0xef Drivers/STM32F4xx_HAL_Driver/Src/stm32f4xx_hal.o
 .debug_macro   0x00001027       0x6a Drivers/STM32F4xx_HAL_Driver/Src/stm32f4xx_hal.o
 .debug_macro   0x00001091      0x1df Drivers/STM32F4xx_HAL_Driver/Src/stm32f4xx_hal.o
 .debug_macro   0x00001270       0x35 Drivers/STM32F4xx_HAL_Driver/Src/stm32f4xx_hal.o
 .debug_macro   0x000012a5       0x50 Drivers/STM32F4xx_HAL_Driver/Src/stm32f4xx_hal.o
 .debug_macro   0x000012f5      0xe66 Drivers/STM32F4xx_HAL_Driver/Src/stm32f4xx_hal.o
 .debug_macro   0x0000215b    0x17e1c Drivers/STM32F4xx_HAL_Driver/Src/stm32f4xx_hal.o
 .debug_macro   0x00019f77       0x43 Drivers/STM32F4xx_HAL_Driver/Src/stm32f4xx_hal.o
 .debug_macro   0x00019fba     0x35a5 Drivers/STM32F4xx_HAL_Driver/Src/stm32f4xx_hal.o
 .debug_macro   0x0001d55f       0x58 Drivers/STM32F4xx_HAL_Driver/Src/stm32f4xx_hal.o
 .debug_macro   0x0001d5b7       0x35 Drivers/STM32F4xx_HAL_Driver/Src/stm32f4xx_hal.o
 .debug_macro   0x0001d5ec       0x9c Drivers/STM32F4xx_HAL_Driver/Src/stm32f4xx_hal.o
 .debug_macro   0x0001d688       0x16 Drivers/STM32F4xx_HAL_Driver/Src/stm32f4xx_hal.o
 .debug_macro   0x0001d69e       0x97 Drivers/STM32F4xx_HAL_Driver/Src/stm32f4xx_hal.o
 .debug_macro   0x0001d735      0x330 Drivers/STM32F4xx_HAL_Driver/Src/stm32f4xx_hal.o
 .debug_macro   0x0001da65       0xfd Drivers/STM32F4xx_HAL_Driver/Src/stm32f4xx_hal.o
 .debug_macro   0x0001db62       0x10 Drivers/STM32F4xx_HAL_Driver/Src/stm32f4xx_hal.o
 .debug_macro   0x0001db72       0x58 Drivers/STM32F4xx_HAL_Driver/Src/stm32f4xx_hal.o
 .debug_macro   0x0001dbca       0x1f Drivers/STM32F4xx_HAL_Driver/Src/stm32f4xx_hal.o
 .debug_macro   0x0001dbe9       0x43 Drivers/STM32F4xx_HAL_Driver/Src/stm32f4xx_hal.o
 .debug_macro   0x0001dc2c       0x20 Drivers/STM32F4xx_HAL_Driver/Src/stm32f4xx_hal.o
 .debug_macro   0x0001dc4c      0x187 Drivers/STM32F4xx_HAL_Driver/Src/stm32f4xx_hal.o
 .debug_macro   0x0001ddd3       0x10 Drivers/STM32F4xx_HAL_Driver/Src/stm32f4xx_hal.o
 .debug_macro   0x0001dde3       0x1c Drivers/STM32F4xx_HAL_Driver/Src/stm32f4xx_hal.o
 .debug_macro   0x0001ddff       0x52 Drivers/STM32F4xx_HAL_Driver/Src/stm32f4xx_hal.o
 .debug_macro   0x0001de51       0x40 Drivers/STM32F4xx_HAL_Driver/Src/stm32f4xx_hal.o
 .debug_macro   0x0001de91       0x10 Drivers/STM32F4xx_HAL_Driver/Src/stm32f4xx_hal.o
 .debug_macro   0x0001dea1       0x40 Drivers/STM32F4xx_HAL_Driver/Src/stm32f4xx_hal.o
 .debug_macro   0x0001dee1       0xd7 Drivers/STM32F4xx_HAL_Driver/Src/stm32f4xx_hal.o
 .debug_macro   0x0001dfb8       0x16 Drivers/STM32F4xx_HAL_Driver/Src/stm32f4xx_hal.o
 .debug_macro   0x0001dfce      0x18b Drivers/STM32F4xx_HAL_Driver/Src/stm32f4xx_hal.o
 .debug_macro   0x0001e159       0x50 Drivers/STM32F4xx_HAL_Driver/Src/stm32f4xx_hal.o
 .debug_macro   0x0001e1a9      0xca5 Drivers/STM32F4xx_HAL_Driver/Src/stm32f4xx_hal.o
 .debug_macro   0x0001ee4e      0xa02 Drivers/STM32F4xx_HAL_Driver/Src/stm32f4xx_hal.o
 .debug_macro   0x0001f850      0x11e Drivers/STM32F4xx_HAL_Driver/Src/stm32f4xx_hal.o
 .debug_macro   0x0001f96e      0x15f Drivers/STM32F4xx_HAL_Driver/Src/stm32f4xx_hal.o
 .debug_macro   0x0001facd       0x27 Drivers/STM32F4xx_HAL_Driver/Src/stm32f4xx_hal.o
 .debug_macro   0x0001faf4      0x287 Drivers/STM32F4xx_HAL_Driver/Src/stm32f4xx_hal.o
 .debug_macro   0x0001fd7b       0x5f Drivers/STM32F4xx_HAL_Driver/Src/stm32f4xx_hal.o
 .debug_macro   0x0001fdda      0x23a Drivers/STM32F4xx_HAL_Driver/Src/stm32f4xx_hal.o
 .debug_macro   0x00020014       0xe6 Drivers/STM32F4xx_HAL_Driver/Src/stm32f4xx_hal.o
 .debug_macro   0x000200fa       0xa1 Drivers/STM32F4xx_HAL_Driver/Src/stm32f4xx_hal.o
 .debug_macro   0x0002019b       0x3c Drivers/STM32F4xx_HAL_Driver/Src/stm32f4xx_hal.o
 .debug_macro   0x000201d7      0x13a Drivers/STM32F4xx_HAL_Driver/Src/stm32f4xx_hal.o
 .debug_macro   0x00020311      0x41d Drivers/STM32F4xx_HAL_Driver/Src/stm32f4xx_hal.o
 .debug_macro   0x0002072e       0x2e Drivers/STM32F4xx_HAL_Driver/Src/stm32f4xx_hal.o
 .debug_macro   0x0002075c      0x11e Drivers/STM32F4xx_HAL_Driver/Src/stm32f4xx_hal.o
 .debug_macro   0x0002087a       0xe2 Drivers/STM32F4xx_HAL_Driver/Src/stm32f4xx_hal.o
 .debug_macro   0x0002095c       0x89 Drivers/STM32F4xx_HAL_Driver/Src/stm32f4xx_hal.o
 .debug_macro   0x000209e5      0x202 Drivers/STM32F4xx_HAL_Driver/Src/stm32f4xx_hal.o
 .debug_macro   0x00020be7      0x6e0 Drivers/STM32F4xx_HAL_Driver/Src/stm32f4xx_hal.o
 .debug_macro   0x000212c7       0x59 Drivers/STM32F4xx_HAL_Driver/Src/stm32f4xx_hal.o
 .debug_macro   0x00021320      0x14d Drivers/STM32F4xx_HAL_Driver/Src/stm32f4xx_hal.o
 .debug_macro   0x0002146d      0x13b Drivers/STM32F4xx_HAL_Driver/Src/stm32f4xx_hal.o
 .debug_macro   0x000215a8      0x332 Drivers/STM32F4xx_HAL_Driver/Src/stm32f4xx_hal_cortex.o
 .debug_macro   0x000218da      0x33a Drivers/STM32F4xx_HAL_Driver/Src/stm32f4xx_hal_dac.o
 .debug_macro   0x00021c14      0x332 Drivers/STM32F4xx_HAL_Driver/Src/stm32f4xx_hal_dac_ex.o
 .debug_macro   0x00021f46      0x339 Drivers/STM32F4xx_HAL_Driver/Src/stm32f4xx_hal_dma.o
 .debug_macro   0x0002227f      0x36a Drivers/STM32F4xx_HAL_Driver/Src/stm32f4xx_hal_gpio.o
 .debug_macro   0x000225e9      0x356 Drivers/STM32F4xx_HAL_Driver/Src/stm32f4xx_hal_rcc.o
 .debug_macro   0x0002293f      0x33a Drivers/STM32F4xx_HAL_Driver/Src/stm32f4xx_hal_spi.o
 .debug_macro   0x00022c79      0x332 Drivers/STM32F4xx_HAL_Driver/Src/stm32f4xx_hal_tim.o
 .debug_macro   0x00022fab      0x332 Drivers/STM32F4xx_HAL_Driver/Src/stm32f4xx_hal_tim_ex.o
 .debug_macro   0x000232dd      0x3ac Middlewares/Third_Party/FatFs/src/diskio.o
 .debug_macro   0x00023689       0x16 Middlewares/Third_Party/FatFs/src/diskio.o
 .debug_macro   0x0002369f       0x7c Middlewares/Third_Party/FatFs/src/diskio.o
 .debug_macro   0x0002371b       0xe7 Middlewares/Third_Party/FatFs/src/diskio.o
 .debug_macro   0x00023802       0x16 Middlewares/Third_Party/FatFs/src/diskio.o
 .debug_macro   0x00023818       0x35 Middlewares/Third_Party/FatFs/src/diskio.o
 .debug_macro   0x0002384d       0x16 Middlewares/Third_Party/FatFs/src/diskio.o
 .debug_macro   0x00023863       0x29 Middlewares/Third_Party/FatFs/src/diskio.o
 .debug_macro   0x0002388c       0x12 Middlewares/Third_Party/FatFs/src/diskio.o
 .debug_macro   0x0002389e       0xdb Middlewares/Third_Party/FatFs/src/diskio.o
 .debug_macro   0x00023979      0x7b3 Middlewares/Third_Party/FatFs/src/ff.o
 .debug_macro   0x0002412c       0x8e Middlewares/Third_Party/FatFs/src/ff.o
 .debug_macro   0x000241ba       0x4c Middlewares/Third_Party/FatFs/src/ff.o
 .debug_macro   0x00024206      0x3ac Middlewares/Third_Party/FatFs/src/ff_gen_drv.o
 .debug_macro   0x000245b2      0x350 Src/dac.o
 .debug_macro   0x00024902      0x33c Src/dma.o
 .debug_macro   0x00024c3e      0x3bf Src/fatfs.o
 .debug_macro   0x00024ffd      0x33c Src/gpio.o
 .debug_macro   0x00025339      0x3ef Src/main.o
 .debug_macro   0x00025728       0xed Src/main.o
 .debug_macro   0x00025815      0x382 Src/spi.o
 .debug_macro   0x00025b97      0x332 Src/stm32f4xx_hal_msp.o
 .debug_macro   0x00025ec9      0x33c Src/stm32f4xx_it.o
 .debug_macro   0x00026205      0x338 Src/system_stm32f4xx.o
 .debug_macro   0x0002653d      0x33c Src/tim.o
 .debug_macro   0x00026879      0x3c7 Src/user_diskio.o
 .debug_macro   0x00026c40       0x52 Src/user_diskio.o
 .debug_macro   0x00026c92       0x8d Src/user_diskio.o
 .debug_macro   0x00026d1f      0x174 Src/user_diskio.o
 .debug_macro   0x00026e93       0x57 Src/user_diskio.o
 .debug_macro   0x00026eea       0x10 Src/user_diskio.o
 .debug_macro   0x00026efa       0x1c Src/user_diskio.o

.debug_line     0x00000000    0x10405
 .debug_line    0x00000000      0x9c6 Drivers/STM32F4xx_HAL_Driver/Src/stm32f4xx_hal.o
 .debug_line    0x000009c6      0x9e0 Drivers/STM32F4xx_HAL_Driver/Src/stm32f4xx_hal_cortex.o
 .debug_line    0x000013a6      0xac6 Drivers/STM32F4xx_HAL_Driver/Src/stm32f4xx_hal_dac.o
 .debug_line    0x00001e6c      0x8f5 Drivers/STM32F4xx_HAL_Driver/Src/stm32f4xx_hal_dac_ex.o
 .debug_line    0x00002761      0xae9 Drivers/STM32F4xx_HAL_Driver/Src/stm32f4xx_hal_dma.o
 .debug_line    0x0000324a      0x96a Drivers/STM32F4xx_HAL_Driver/Src/stm32f4xx_hal_gpio.o
 .debug_line    0x00003bb4      0xa30 Drivers/STM32F4xx_HAL_Driver/Src/stm32f4xx_hal_rcc.o
 .debug_line    0x000045e4     0x11b0 Drivers/STM32F4xx_HAL_Driver/Src/stm32f4xx_hal_spi.o
 .debug_line    0x00005794     0x18f5 Drivers/STM32F4xx_HAL_Driver/Src/stm32f4xx_hal_tim.o
 .debug_line    0x00007089      0xd80 Drivers/STM32F4xx_HAL_Driver/Src/stm32f4xx_hal_tim_ex.o
 .debug_line    0x00007e09      0x894 Middlewares/Third_Party/FatFs/src/diskio.o
 .debug_line    0x0000869d     0x18a1 Middlewares/Third_Party/FatFs/src/ff.o
 .debug_line    0x00009f3e      0x89b Middlewares/Third_Party/FatFs/src/ff_gen_drv.o
 .debug_line    0x0000a7d9      0x82f Src/dac.o
 .debug_line    0x0000b008      0x7c3 Src/dma.o
 .debug_line    0x0000b7cb      0x88a Src/fatfs.o
 .debug_line    0x0000c055      0x7cc Src/gpio.o
 .debug_line    0x0000c821      0x8f9 Src/main.o
 .debug_line    0x0000d11a      0x887 Src/spi.o
 .debug_line    0x0000d9a1      0x7c9 Src/stm32f4xx_hal_msp.o
 .debug_line    0x0000e16a      0x825 Src/stm32f4xx_it.o
 .debug_line    0x0000e98f      0x7f4 Src/system_stm32f4xx.o
 .debug_line    0x0000f183      0x932 Src/tim.o
 .debug_line    0x0000fab5      0x8d1 Src/user_diskio.o
 .debug_line    0x00010386       0x7f startup/startup_stm32f429xx.o

.debug_str      0x00000000    0xd4882
 .debug_str     0x00000000    0xcfa6d Drivers/STM32F4xx_HAL_Driver/Src/stm32f4xx_hal.o
                              0xcfe61 (size before relaxing)
 .debug_str     0x000cfa6d      0x3ae Drivers/STM32F4xx_HAL_Driver/Src/stm32f4xx_hal_cortex.o
                              0xcfb55 (size before relaxing)
 .debug_str     0x000cfe1b      0x5d4 Drivers/STM32F4xx_HAL_Driver/Src/stm32f4xx_hal_dac.o
                              0xcf6e6 (size before relaxing)
 .debug_str     0x000d03ef      0x143 Drivers/STM32F4xx_HAL_Driver/Src/stm32f4xx_hal_dac_ex.o
                              0xcf599 (size before relaxing)
 .debug_str     0x000d0532      0x2fe Drivers/STM32F4xx_HAL_Driver/Src/stm32f4xx_hal_dma.o
                              0xcf666 (size before relaxing)
 .debug_str     0x000d0830      0x28b Drivers/STM32F4xx_HAL_Driver/Src/stm32f4xx_hal_gpio.o
                              0xcf497 (size before relaxing)
 .debug_str     0x000d0abb      0x384 Drivers/STM32F4xx_HAL_Driver/Src/stm32f4xx_hal_rcc.o
                              0xcf661 (size before relaxing)
 .debug_str     0x000d0e3f      0x6bd Drivers/STM32F4xx_HAL_Driver/Src/stm32f4xx_hal_spi.o
                              0xcfa6a (size before relaxing)
 .debug_str     0x000d14fc      0xe7a Drivers/STM32F4xx_HAL_Driver/Src/stm32f4xx_hal_tim.o
                              0xd028c (size before relaxing)
 .debug_str     0x000d2376      0x4f4 Drivers/STM32F4xx_HAL_Driver/Src/stm32f4xx_hal_tim_ex.o
                              0xcfb4c (size before relaxing)
 .debug_str     0x000d286a      0x7ee Middlewares/Third_Party/FatFs/src/diskio.o
                              0xcf888 (size before relaxing)
 .debug_str     0x000d3058     0x1215 Middlewares/Third_Party/FatFs/src/ff.o
                              0xd0ac2 (size before relaxing)
 .debug_str     0x000d426d       0xa2 Middlewares/Third_Party/FatFs/src/ff_gen_drv.o
                              0xcf8d9 (size before relaxing)
 .debug_str     0x000d430f       0x62 Src/dac.o
                              0xcfc2c (size before relaxing)
 .debug_str     0x000d4371       0x19 Src/dma.o
                              0xcf737 (size before relaxing)
 .debug_str     0x000d438a       0x69 Src/fatfs.o
                              0xcf973 (size before relaxing)
 .debug_str     0x000d43f3       0x1b Src/gpio.o
                              0xcf27d (size before relaxing)
 .debug_str     0x000d440e      0x126 Src/main.o
                              0xd0b76 (size before relaxing)
 .debug_str     0x000d4534      0x1b8 Src/spi.o
                              0xcf8a3 (size before relaxing)
 .debug_str     0x000d46ec       0x1b Src/stm32f4xx_hal_msp.o
                              0xcf630 (size before relaxing)
 .debug_str     0x000d4707       0x97 Src/stm32f4xx_it.o
                              0xcf6ab (size before relaxing)
 .debug_str     0x000d479e       0x5a Src/system_stm32f4xx.o
                              0xcf253 (size before relaxing)
 .debug_str     0x000d47f8       0x1c Src/tim.o
                              0xcfd3d (size before relaxing)
 .debug_str     0x000d4814       0x6e Src/user_diskio.o
                              0xcf89f (size before relaxing)

.comment        0x00000000       0x7f
 .comment       0x00000000       0x7f Drivers/STM32F4xx_HAL_Driver/Src/stm32f4xx_hal.o
                                 0x80 (size before relaxing)
 .comment       0x0000007f       0x80 Drivers/STM32F4xx_HAL_Driver/Src/stm32f4xx_hal_cortex.o
 .comment       0x0000007f       0x80 Drivers/STM32F4xx_HAL_Driver/Src/stm32f4xx_hal_dac.o
 .comment       0x0000007f       0x80 Drivers/STM32F4xx_HAL_Driver/Src/stm32f4xx_hal_dac_ex.o
 .comment       0x0000007f       0x80 Drivers/STM32F4xx_HAL_Driver/Src/stm32f4xx_hal_dma.o
 .comment       0x0000007f       0x80 Drivers/STM32F4xx_HAL_Driver/Src/stm32f4xx_hal_gpio.o
 .comment       0x0000007f       0x80 Drivers/STM32F4xx_HAL_Driver/Src/stm32f4xx_hal_rcc.o
 .comment       0x0000007f       0x80 Drivers/STM32F4xx_HAL_Driver/Src/stm32f4xx_hal_spi.o
 .comment       0x0000007f       0x80 Drivers/STM32F4xx_HAL_Driver/Src/stm32f4xx_hal_tim.o
 .comment       0x0000007f       0x80 Drivers/STM32F4xx_HAL_Driver/Src/stm32f4xx_hal_tim_ex.o
 .comment       0x0000007f       0x80 Middlewares/Third_Party/FatFs/src/diskio.o
 .comment       0x0000007f       0x80 Middlewares/Third_Party/FatFs/src/ff.o
 .comment       0x0000007f       0x80 Middlewares/Third_Party/FatFs/src/ff_gen_drv.o
 .comment       0x0000007f       0x80 Src/dac.o
 .comment       0x0000007f       0x80 Src/dma.o
 .comment       0x0000007f       0x80 Src/fatfs.o
 .comment       0x0000007f       0x80 Src/gpio.o
 .comment       0x0000007f       0x80 Src/main.o
 .comment       0x0000007f       0x80 Src/spi.o
 .comment       0x0000007f       0x80 Src/stm32f4xx_hal_msp.o
 .comment       0x0000007f       0x80 Src/stm32f4xx_it.o
 .comment       0x0000007f       0x80 Src/system_stm32f4xx.o
 .comment       0x0000007f       0x80 Src/tim.o
 .comment       0x0000007f       0x80 Src/user_diskio.o

.debug_frame    0x00000000     0x2af0
 .debug_frame   0x00000000      0x1ec Drivers/STM32F4xx_HAL_Driver/Src/stm32f4xx_hal.o
 .debug_frame   0x000001ec      0x15c Drivers/STM32F4xx_HAL_Driver/Src/stm32f4xx_hal_cortex.o
 .debug_frame   0x00000348      0x210 Drivers/STM32F4xx_HAL_Driver/Src/stm32f4xx_hal_dac.o
 .debug_frame   0x00000558       0xf8 Drivers/STM32F4xx_HAL_Driver/Src/stm32f4xx_hal_dac_ex.o
 .debug_frame   0x00000650      0x17c Drivers/STM32F4xx_HAL_Driver/Src/stm32f4xx_hal_dma.o
 .debug_frame   0x000007cc       0xd0 Drivers/STM32F4xx_HAL_Driver/Src/stm32f4xx_hal_gpio.o
 .debug_frame   0x0000089c      0x174 Drivers/STM32F4xx_HAL_Driver/Src/stm32f4xx_hal_rcc.o
 .debug_frame   0x00000a10      0x560 Drivers/STM32F4xx_HAL_Driver/Src/stm32f4xx_hal_spi.o
 .debug_frame   0x00000f70      0x9e0 Drivers/STM32F4xx_HAL_Driver/Src/stm32f4xx_hal_tim.o
 .debug_frame   0x00001950      0x384 Drivers/STM32F4xx_HAL_Driver/Src/stm32f4xx_hal_tim_ex.o
 .debug_frame   0x00001cd4       0xa0 Middlewares/Third_Party/FatFs/src/diskio.o
 .debug_frame   0x00001d74      0x7dc Middlewares/Third_Party/FatFs/src/ff.o
 .debug_frame   0x00002550       0x7c Middlewares/Third_Party/FatFs/src/ff_gen_drv.o
 .debug_frame   0x000025cc       0x6c Src/dac.o
 .debug_frame   0x00002638       0x30 Src/dma.o
 .debug_frame   0x00002668       0x38 Src/fatfs.o
 .debug_frame   0x000026a0       0x30 Src/gpio.o
 .debug_frame   0x000026d0       0x5c Src/main.o
 .debug_frame   0x0000272c       0xb0 Src/spi.o
 .debug_frame   0x000027dc       0x28 Src/stm32f4xx_hal_msp.o
 .debug_frame   0x00002804       0x90 Src/stm32f4xx_it.o
 .debug_frame   0x00002894       0x30 Src/system_stm32f4xx.o
 .debug_frame   0x000028c4      0x140 Src/tim.o
 .debug_frame   0x00002a04       0x60 Src/user_diskio.o
 .debug_frame   0x00002a64       0x2c c:/ac6/systemworkbench/plugins/fr.ac6.mcu.externaltools.arm-none.win32_1.15.0.201708311556/tools/compiler/bin/../lib/gcc/arm-none-eabi/6.3.1/thumb/v7e-m/fpv4-sp/hard\libgcc.a(_aeabi_uldivmod.o)
 .debug_frame   0x00002a90       0x34 c:/ac6/systemworkbench/plugins/fr.ac6.mcu.externaltools.arm-none.win32_1.15.0.201708311556/tools/compiler/bin/../lib/gcc/arm-none-eabi/6.3.1/thumb/v7e-m/fpv4-sp/hard\libgcc.a(_udivmoddi4.o)
 .debug_frame   0x00002ac4       0x2c c:/ac6/systemworkbench/plugins/fr.ac6.mcu.externaltools.arm-none.win32_1.15.0.201708311556/tools/compiler/bin/../lib/gcc/arm-none-eabi/6.3.1/../../../../arm-none-eabi/lib/thumb/v7e-m/fpv4-sp/hard\libc_nano.a(lib_a-init.o)
